[www.fanflixbd.com/index.html]
[www.fanflixbd.com/cdn/shop/files/photo_2024-06-26_10-56-164b4e.jpg]
[backblue.gif]
[fade.gif]
[index.html]
[cdn.shopify.com/s/files/1/0689/0976/0669/t/1/assets/prefetch_critical_resourcess.js]
[www.fanflixbd.com/cdn/shop/files/Copy_of40aa.png]
[cdn.shopify.com/s/files/1/0689/0976/0669/t/1/assets/preload.js]
[www.fanflixbd.com/cdn/shop/t/10/assets/constantsb2f7.js]
[www.fanflixbd.com/cdn/shop/t/10/assets/pubsub1111.js]
[www.fanflixbd.com/cdn/shop/t/10/assets/global1ab0.js]
[www.fanflixbd.com/cdn/shop/t/10/assets/details-disclosure7a2e.js]
[www.fanflixbd.com/cdn/shop/t/10/assets/details-modal15b2.js]
[www.fanflixbd.com/cdn/shop/t/10/assets/search-formfb65.js]
[www.fanflixbd.com/cdn/shop/t/10/assets/animations392f.js]
[www.fanflixbd.com/checkouts/internal/preloads1001.js]
[cdn.shopify.com/shopifycloud/storefront-forms-hcaptcha/ce_storefront_forms_captcha_hcaptcha.v1.5.2.iife.js]
[www.fanflixbd.com/cdn/shopifycloud/shopify/assets/storefront/load_feature-c354cc1bc6f1fafc3e06e39f4fb0e1d9abdf763072ca394d606ca9f6f241e68a.js]
[www.fanflixbd.com/cdn/shopifycloud/portable-wallets/latest/portable-wallets.en.js]
[www.fanflixbd.com/cdn/shop/t/10/compiled_assets/scriptsccb1.js]
[www.fanflixbd.com/cdn/shopifycloud/portable-wallets/latest/accelerated-checkout-backwards-compat.css]
[www.fanflixbd.com/cdn/fonts/poppins/poppins_n4.934accbf9f5987aa89334210e6c1e9151f37d3b60299.woff2]
[www.fanflixbd.com/cdn/fonts/poppins/poppins_n4.ee28d4489eaf5de9cf6e17e696991b5e9148c71626fb.woff]
[www.fanflixbd.com/cdn/fonts/poppins/poppins_n7.58aca33913fc6666cc9e8a53f6b16ec5c3c05a3f56aa.woff2]
[www.fanflixbd.com/cdn/fonts/poppins/poppins_n7.59016f931f3f39434d2e458fba083eb7db7a07d969b3.woff]
[www.fanflixbd.com/cdn/fonts/poppins/poppins_i4.a7e8d886e15d5fb9bc964a53b3278effbf270e9cfbfe.woff2]
[www.fanflixbd.com/cdn/fonts/poppins/poppins_i4.e87de252199e27825a41bf81646996685d86452d8050.woff]
[www.fanflixbd.com/cdn/fonts/poppins/poppins_i7.4f85a5d51a1aecf426eea47ac4570ef7341bfdc178c3.woff2]
[www.fanflixbd.com/cdn/fonts/poppins/poppins_i7.aff3a08a92d1c136586c611b9fc43d357dfbbefeeba4.woff]
[www.fanflixbd.com/cdn/fonts/arimo/arimo_n7.bf3fa65912c7598edac87f3464dc56cced61307e5a46.woff2]
[www.fanflixbd.com/cdn/fonts/arimo/arimo_n7.1de27ffea9bb2528cf1df7ad7c3c04a2b278cd8d3a5a.woff]
[www.fanflixbd.com/cdn/shop/t/10/assets/baseeebf.css]
[www.fanflixbd.com/cdn/shop/t/10/assets/component-cart-items7531.css]
[www.fanflixbd.com/cdn/shop/t/10/assets/component-predictive-search59d4.css]
[cdn.shopify.com/extensions/1cc5d70a-c3e1-4702-9177-2fadae3cc55d/essential-announcer-62/assets/announcement-bar-essential-apps.js]
[cdn.shopify.com/extensions/14bdefca-8fcd-43df-ad7e-3a0b305062d0/blockify-fraud-filter-221/assets/blockify-embed.min.js]
[cdn.shopify.com/extensions/14bdefca-8fcd-43df-ad7e-3a0b305062d0/blockify-fraud-filter-221/assets/prevent-bypass-script.min.js]
[www.fanflixbd.com/GET]
[cdnwidget.judge.me/shopify_v2.css]
[cdn.shopify.com/extensions/732d14d2-cf86-44f4-9f0b-b9b8f138db2f/1.0.0/assets/protector.js]
[cdn.shopify.com/extensions/732d14d2-cf86-44f4-9f0b-b9b8f138db2f/1.0.0/assets/protector.css]
[cdn.shopify.com/extensions/49e69d7f-4680-4488-99ab-b4daabdc9054/gsc-countdown-timer-47/assets/gsc-countdown-widget.js]
[www.fanflixbd.com/POST]
[www.fanflixbd.com/cdn]
[www.fanflixbd.com/cdn/s/trekkie.storefront.fc89087661a0619ee61984dff12e5581bfee89c0.min.js]
[www.fanflixbd.com/cdn/shopifycloud/shopify/assets/shop_events_listener-f55dd2979ec32029c7d9e0b454ab8b33f79c01ca039d17a6f5c9b95647564b19.js]
[www.fanflixbd.com/cdn/shopifycloud/perf-kit/shopify-perf-kit-1.6.2.min.js]
[www.fanflixbd.com/cdn/shop/t/10/assets/component-slideshowde70.css]
[www.fanflixbd.com/cdn/shop/t/10/assets/component-slider0623.css]
[www.fanflixbd.com/cdn/shop/t/10/assets/component-list-social8f68.css]
[www.fanflixbd.com/cdn/shop/t/10/assets/component-list-menu6592.css]
[www.fanflixbd.com/cdn/shop/t/10/assets/component-search1abb.css]
[www.fanflixbd.com/cdn/shop/t/10/assets/component-menu-drawer86f7.css]
[www.fanflixbd.com/cdn/shop/t/10/assets/component-cart-notification25ca.css]
[www.fanflixbd.com/cdn/shop/t/10/assets/component-priced621.css]
[www.fanflixbd.com/cdn/shop/t/10/assets/cart-notificationf79a.js]
[www.fanflixbd.com/collections/all.html]
[www.fanflixbd.com/collections/streaming-platforms.html]
[www.fanflixbd.com/collections/educational-tools.html]
[www.fanflixbd.com/cdn/shop/files/IMG_2249b2b4.png]
[www.fanflixbd.com/cart.html]
[www.fanflixbd.com/cdn/shop/t/10/assets/section-image-banner5bf7.css]
[www.fanflixbd.com/cdn/shop/files/117127630_679572312641292_1379822887484744110_n0a28.jpg]
[www.fanflixbd.com/cdn/shop/files/485140499_1055165189979522_6426769030251024090_n0fd4.jpg]
[www.fanflixbd.com/cdn/shop/t/10/assets/component-card371f.css]
[www.fanflixbd.com/cdn/shop/t/10/assets/template-collection3e24.css]
[www.fanflixbd.com/cdn/shop/t/10/assets/quick-add4a59.css]
[www.fanflixbd.com/cdn/shop/t/10/assets/product-form0979.js]
[www.fanflixbd.com/cdn/shop/t/10/assets/quick-add20f8.js]
[www.fanflixbd.com/cdn/shop/t/10/assets/component-ratingfdf2.css]
[www.fanflixbd.com/cdn/shop/t/10/assets/component-volume-pricingfe50.css]
[www.fanflixbd.com/cdn/shop/t/10/assets/quick-order-list8f9c.css]
[www.fanflixbd.com/cdn/shop/t/10/assets/quantity-popover09a4.css]
[www.fanflixbd.com/cdn/shop/files/Netflix-subscription_price_in_bdbcab.jpg]
[www.fanflixbd.com/products/netflix-subscriptions-price-bangladesh.html]
[www.fanflixbd.com/cdn/shop/files/Netflix-tv-plan-subscription-bdd172.jpg]
[www.fanflixbd.com/products/netflix-tv-plan-subscription-bd.html]
[www.fanflixbd.com/cdn/shop/files/Netflix-and_prime_combo_subscription_in_bdc195.jpg]
[www.fanflixbd.com/products/netflix-prime-combo-subscriptions-price-bangladesh.html]
[www.fanflixbd.com/cdn/shop/files/Netflix-and_prime_combo_subscription_price_in_bdba7c.jpg]
[www.fanflixbd.com/products/netflix-amazon-prime-subscription-bd.html]
[www.fanflixbd.com/cdn/shop/t/10/assets/section-main-producte486.css]
[www.fanflixbd.com/cdn/shop/t/10/assets/section-featured-product3a54.css]
[www.fanflixbd.com/cdn/shop/t/10/assets/component-accordion6d16.css]
[www.fanflixbd.com/cdn/shop/t/10/assets/component-deferred-mediaa904.css]
[www.fanflixbd.com/cdn/shop/t/10/assets/component-product-variant-picker3bf6.css]
[www.fanflixbd.com/cdn/shop/t/10/assets/component-swatchc1fb.css]
[www.fanflixbd.com/cdn/shop/t/10/assets/component-swatch-inputc50d.css]
[www.fanflixbd.com/cdn/shop/t/10/assets/product-infob568.js]
[www.fanflixbd.com/cdn/shop/t/10/assets/show-more7eaa.js]
[www.fanflixbd.com/cdn/shop/t/10/assets/price-per-item27ec.js]
[www.fanflixbd.com/cdn/shop/files/Vip-281af.png]
[www.fanflixbd.com/cdn/shop/t/10/assets/share86d8.js]
[www.fanflixbd.com/products/netflix-subscription-vip-plan.html]
[www.fanflixbd.com/cdn/shop/files/Vip-27f81.png]
[www.fanflixbd.com/cdn/shop/t/10/assets/product-modalf02f.js]
[www.fanflixbd.com/cdn/shop/t/10/assets/media-galleryf8bc.js]
[www.fanflixbd.com/cdn/shop/files/amazon-prime_video_subscription_bd994d.jpg]
[www.fanflixbd.com/products/prime-video-subscription-bangladesh.html]
[www.fanflixbd.com/cdn/shop/files/zee5-Price_in_bdd243.jpg]
[www.fanflixbd.com/products/zee5-subscriptions.html]
[www.fanflixbd.com/cdn/shop/files/Hotstar-premium_price_in_bdf377.jpg]
[www.fanflixbd.com/products/dinsey-hotstar-orginal-subscription-bangladesh.html]
[www.fanflixbd.com/cdn/shop/files/sonyliv-subscription_price_in_bd501f.jpg]
[www.fanflixbd.com/products/sonyliv-yearly.html]
[www.fanflixbd.com/cdn/shop/files/ullu-price_in_bangldesh2208.jpg]
[www.fanflixbd.com/products/ullu-subscription-bangladesh.html]
[www.fanflixbd.com/cdn/shop/files/hulu-subscription_bda3af.jpg]
[www.fanflixbd.com/products/hulu-subscription-price-bangladesh.html]
[www.fanflixbd.com/cdn/shop/files/hbo-subscription_bangladeshea35.jpg]
[www.fanflixbd.com/products/hbo-max-subscriptions-price-bangladesh.html]
[www.fanflixbd.com/cdn/shop/files/apple-tv_Subscription_in_bangaldesh28ea.jpg]
[www.fanflixbd.com/products/apple-tv-subscriptions-bangladesh.html]
[www.fanflixbd.com/cdn/shop/files/Crunchyroll-subscription_in-bangladesh4ced.jpg]
[www.fanflixbd.com/products/crunchyroll-premium-subscription-bangladesh.html]
[www.fanflixbd.com/cdn/shop/files/iqiyi-price_in_bdd967.jpg]
[www.fanflixbd.com/products/iqiyi-subscriptions-price-bangladesh.html]
[www.fanflixbd.com/cdn/shop/files/chatgpt-plus_subscription_bd9035.jpg]
[www.fanflixbd.com/products/buy-chatgpt-plus-subscription-price-in-bangladesh-with-bkash-nagad.html]
[www.fanflixbd.com/cdn/shop/files/google-one-subscription-in-bd1b8a.png]
[www.fanflixbd.com/products/google-one-subscription-bd.html]
[www.fanflixbd.com/cdn/shop/files/surfshark-vpn_price_in_bd5944.jpg]
[www.fanflixbd.com/products/surfshark-vpn.html]
[www.fanflixbd.com/cdn/shop/files/windows-10-11-pro-activation-key19bc.jpg]
[www.fanflixbd.com/products/windows-10-11-activation-key.html]
[www.fanflixbd.com/cdn/shop/files/quillbot-subscription_bd483d.jpg]
[www.fanflixbd.com/products/quillbot-premium.html]
[www.fanflixbd.com/cdn/shop/files/linkedin-premium-in-bd4d50.jpg]
[www.fanflixbd.com/products/linkedin-premium-in-bd.html]
[www.fanflixbd.com/cdn/shop/files/Buy-microsft_office_365_Price_in_bangladesh5ce1.png]
[www.fanflixbd.com/products/microsoft-office-365-subscription.html]
[www.fanflixbd.com/cdn/shop/files/internet-download_manager_price_in_bangaldesh6dc7.jpg]
[www.fanflixbd.com/products/internet-download-manager-idm-lifetime-license-key-price-bangladesh.html]
[www.fanflixbd.com/cdn/shop/files/grammarly-Subscription_bd510d.jpg]
[www.fanflixbd.com/products/grammarly-premium-subscriptions-bangladesh.html]
[www.fanflixbd.com/cdn/shop/t/10/assets/component-image-with-text0023.css]
[www.fanflixbd.com/cdn/shop/files/post_2d8f2.jpg]
[www.fanflixbd.com/cdn/shop/files/quillbot-subscription_bd169b.jpg]
[www.fanflixbd.com/cdn/shop/files/internet-download_manager_price_in_bangaldesh8058.jpg]
[www.fanflixbd.com/cdn/shop/t/10/assets/component-article-card80f5.css]
[www.fanflixbd.com/cdn/shop/t/10/assets/section-featured-blog1b94.css]
[www.fanflixbd.com/cdn/shop/articles/chatgpt_fan_2_b69d13ea-26e7-4fe7-9603-65de1c03658f7ff1.png]
[www.fanflixbd.com/blogs/news/how-to-buy-chatgpt-plus-from-bangladesh-the-ultimate-guide-with-fanflix-bd.html]
[www.fanflixbd.com/cdn/shop/articles/post_2_ce22f41c-cc5b-4181-a86c-ab99a1acfc35f1ee.png]
[www.fanflixbd.com/blogs/news/netflix-subscription-price-in-bangladesh.html]
[www.fanflixbd.com/cdn/shop/articles/post_1_d93faf83-1dce-4e22-b2b5-9f77fa36c0c8feb4.png]
[www.fanflixbd.com/blogs/news/how-to-buy-netflix-subscription-in-bangladesh-with-bkash-and-nagad.html]
[www.fanflixbd.com/cdn/shop/t/10/assets/section-rich-text7d5d.css]
[www.fanflixbd.com/cdn/shop/t/10/assets/section-footer0edc.css]
[www.fanflixbd.com/cdn/shop/t/10/assets/component-newsletter6d95.css]
[www.fanflixbd.com/cdn/shop/t/10/assets/component-list-payment3b51.css]
[www.fanflixbd.com/cdn/shop/files/IMG_2849381d.jpg]
[www.fanflixbd.com/pages/refund-exchange-policy.html]
[www.fanflixbd.com/pages/terms-conditions.html]
[www.fanflixbd.com/pages/privacy-policy.html]
[www.fanflixbd.com/pages/order-cancellation-policy.html]
[www.fanflixbd.com/pages/end-user-license-agreement-eula.html]
[www.fanflixbd.com/pages/intellectual-property-trademarks.html]
[www.fanflixbd.com/cdn/shop/t/10/assets/predictive-searchf32f.js]
[cdn.shopify.com/s/files/1/0689/0976/0669/t/1/assets/gem.js]
[cdn.shopify.com/extensions/9c6fa68f-d1f3-46e7-864b-0d452121dbd4/ecomsend-popups-35/assets/style.css]
[cdn.shopify.com/extensions/9c6fa68f-d1f3-46e7-864b-0d452121dbd4/ecomsend-popups-35/assets/ecomsend.js]
[cdn.shopify.com/extensions/9c6fa68f-d1f3-46e7-864b-0d452121dbd4/ecomsend-popups-35/assets/react_react-dom.min.js]
[cdn.shopify.com/extensions/9c6fa68f-d1f3-46e7-864b-0d452121dbd4/ecomsend-popups-35/assets/mobx_react-custom-roulette.min.js]
[cdn.shopify.com/extensions/bdc4112b-e24a-419f-88ff-d7132e182f95/essential-upsell-162/assets/app-embed-Y4s2RQ6r.js]
[cdn.shopify.com/extensions/bdc4112b-e24a-419f-88ff-d7132e182f95/essential-upsell-162/assets/stylex-Bra6SUi4.js]
[www.fanflixbd.com/index.html]
[www.fanflixbd.com/cdn/shopifycloud/portable-wallets/latest/accelerated-checkout-backwards-compat.css]
[cdn.shopify.com/extensions/bdc4112b-e24a-419f-88ff-d7132e182f95/essential-upsell-162/assets/stylex-DFEZgduC.css]
[www.fanflixbd.com/cdn/shop/t/10/assets/sparkle.gif]
[www.fanflixbd.com/cdn/shop/t/10/assets/baseeebf.css]
[www.fanflixbd.com/cdn/shop/t/10/assets/component-cart-items7531.css]
[www.fanflixbd.com/cdn/shop/t/10/assets/component-predictive-search59d4.css]
[www.fanflixbd.com/GET.html]
[s3.amazonaws.com/me.judge.public-static-assets/general/video-placeholder-640x480.jpg]
[cdnwidget.judge.me/shopify_v2.css]
[cdn.shopify.com/extensions/732d14d2-cf86-44f4-9f0b-b9b8f138db2f/1.0.0/assets/protector.css]
[www.fanflixbd.com/POST.html]
[www.fanflixbd.com/cdn.html]
[www.fanflixbd.com/cdn/shop/t/10/assets/component-slideshowde70.css]
[www.fanflixbd.com/cdn/shop/t/10/assets/component-slider0623.css]
[www.fanflixbd.com/cdn/shop/t/10/assets/component-list-social8f68.css]
[www.fanflixbd.com/cdn/shop/t/10/assets/component-list-menu6592.css]
[www.fanflixbd.com/cdn/shop/t/10/assets/component-search1abb.css]
[www.fanflixbd.com/cdn/shop/t/10/assets/component-menu-drawer86f7.css]
[www.fanflixbd.com/cdn/shop/t/10/assets/component-cart-notification25ca.css]
[www.fanflixbd.com/cdn/shop/t/10/assets/component-priced621.css]
[www.fanflixbd.com/collections/all.atom]
[www.fanflixbd.com/collections/all4658.html]
[www.fanflixbd.com/collections/GET]
[www.fanflixbd.com/collections/POST]
[www.fanflixbd.com/cdn/shop/t/10/assets/component-collection-hero1d38.css]
[www.fanflixbd.com/cdn/shop/t/10/assets/component-facets0a0e.css]
[www.fanflixbd.com/cdn/shop/t/10/assets/facets6141.js]
[www.fanflixbd.com/cdn/shop/files/Apple-Gift_Card4fd1.png]
[www.fanflixbd.com/products/apple-itunes-giftcard-usa-region.html]
[www.fanflixbd.com/cdn/shop/files/IMG-3230b55d.png]
[www.fanflixbd.com/products/apple-music-premium.html]
[www.fanflixbd.com/cdn/shop/files/apple-one_subscription_bd667b.jpg]
[www.fanflixbd.com/products/apple-one-subscription-price-bangladesh.html]
[www.fanflixbd.com/cdn/shop/files/IMG-32312961.png]
[www.fanflixbd.com/products/chegg-study-premium.html]
[www.fanflixbd.com/cdn/shop/files/Claude-aif1cd.png]
[www.fanflixbd.com/products/claude-ai-premium.html]
[www.fanflixbd.com/cdn/shop/files/IMG-32297419.png]
[www.fanflixbd.com/products/gemini-advance.html]
[www.fanflixbd.com/cdn/shop/files/iCloud-price_in_Bangladeshfe09.jpg]
[www.fanflixbd.com/products/icloud-50gb-3-months-price-bangladesh.html]
[www.fanflixbd.com/cdn/shop/t/10/assets/component-pagination1c14.css]
[www.fanflixbd.com/collections/all797a.html]
[www.fanflixbd.com/collections/all.html]
[www.fanflixbd.com/collections/all9ba9.html]
[www.fanflixbd.com/collections/streaming-platforms.atom]
[www.fanflixbd.com/collections/streaming-platforms.oembed]
[www.fanflixbd.com/collections/streaming-platforms.html]
[www.fanflixbd.com/collections/educational-tools.atom]
[www.fanflixbd.com/collections/educational-tools.oembed]
[www.fanflixbd.com/collections/educational-tools.html]
[www.fanflixbd.com/cdn/shop/t/10/assets/component-carte044.css]
[www.fanflixbd.com/cdn/shop/t/10/assets/component-totalsceb7.css]
[www.fanflixbd.com/cdn/shop/t/10/assets/component-discounts41a8.css]
[www.fanflixbd.com/cdn/shop/t/10/assets/cart494f.js]
[www.fanflixbd.com/cart.html]
[www.fanflixbd.com/cdn/shop/t/10/assets/section-image-banner5bf7.css]
[www.fanflixbd.com/cdn/shop/t/10/assets/component-card371f.css]
[www.fanflixbd.com/cdn/shop/t/10/assets/template-collection3e24.css]
[www.fanflixbd.com/cdn/shop/t/10/assets/quick-add4a59.css]
[www.fanflixbd.com/cdn/shop/t/10/assets/component-ratingfdf2.css]
[www.fanflixbd.com/cdn/shop/t/10/assets/component-volume-pricingfe50.css]
[www.fanflixbd.com/cdn/shop/t/10/assets/quick-order-list8f9c.css]
[www.fanflixbd.com/cdn/shop/t/10/assets/quantity-popover09a4.css]
[www.fanflixbd.com/cdn/shop/t/10/assets/quantity-popover89da.js]
[www.fanflixbd.com/cdn/shop/files/Netflix-subscription_price_in_bd7ec9.jpg]
[www.fanflixbd.com/products/netflix-subscriptions-price-bangladesh.oembed]
[www.fanflixbd.com/products/GET]
[www.fanflixbd.com/products/POST]
[www.fanflixbd.com/collections/only-netflix.html]
[www.fanflixbd.com/cdn/shop/files/Netflix-subscription_price_in_bd2c0d.jpg]
[www.fanflixbd.com/cdn/shop/t/10/assets/component-pickup-availabilityabdb.css]
[www.fanflixbd.com/cdn/shop/t/10/assets/pickup-availabilityfd34.js]
[www.fanflixbd.com/cdn/shop/files/Netflix-subscription_price_in_bde147.jpg]
[www.fanflixbd.com/products/netflix-subscriptions-price-bangladesh.html]
[www.fanflixbd.com/cdn/shop/t/10/assets/section-related-products0bde.css]
[www.fanflixbd.com/cdn/shop/files/Netflix-tv-plan-subscription-bd5616.jpg]
[www.fanflixbd.com/products/netflix-tv-plan-subscription-bd.oembed]
[www.fanflixbd.com/cdn/shop/files/Netflix-tv-plan-subscription-bdf09d.jpg]
[www.fanflixbd.com/cdn/shop/files/Netflix-tv-plan-subscription-bd630d.jpg]
[www.fanflixbd.com/products/netflix-tv-plan-subscription-bd.html]
[www.fanflixbd.com/cdn/shop/files/Netflix-and_prime_combo_subscription_in_bd8450.jpg]
[www.fanflixbd.com/products/netflix-prime-combo-subscriptions-price-bangladesh.oembed]
[www.fanflixbd.com/cdn/shop/files/Netflix-and_prime_combo_subscription_in_bddfc1.jpg]
[www.fanflixbd.com/cdn/shop/files/Netflix-and_prime_combo_subscription_in_bd0ff4.jpg]
[www.fanflixbd.com/products/netflix-prime-combo-subscriptions-price-bangladesh.html]
[www.fanflixbd.com/cdn/shop/files/Netflix-and_prime_combo_subscription_price_in_bd86ef.jpg]
[www.fanflixbd.com/products/netflix-amazon-prime-subscription-bd.oembed]
[www.fanflixbd.com/cdn/shop/files/Netflix-and_prime_combo_subscription_price_in_bd90ee.jpg]
[www.fanflixbd.com/cdn/shop/files/Netflix-and_prime_combo_subscription_price_in_bd3f4a.jpg]
[www.fanflixbd.com/_https_/wa.me/message/YCBSFN3TE4PEM1/_/u003eহোয়াটসঅ্যাপ/u003c/a/u003e]
[www.fanflixbd.com/products/netflix-amazon-prime-subscription-bd.html]
[www.fanflixbd.com/cdn/shop/t/10/assets/section-main-producte486.css]
[www.fanflixbd.com/cdn/shop/t/10/assets/section-featured-product3a54.css]
[www.fanflixbd.com/cdn/shop/t/10/assets/component-accordion6d16.css]
[www.fanflixbd.com/cdn/shop/t/10/assets/component-deferred-mediaa904.css]
[www.fanflixbd.com/cdn/shop/t/10/assets/component-product-variant-picker3bf6.css]
[www.fanflixbd.com/cdn/shop/t/10/assets/component-swatchc1fb.css]
[www.fanflixbd.com/cdn/shop/t/10/assets/component-swatch-inputc50d.css]
[www.fanflixbd.com/cdn/shop/files/Vip-252b9.png]
[www.fanflixbd.com/products/netflix-subscription-vip-plan.oembed]
[www.fanflixbd.com/products/netflix-subscription-vip-plan.html]
[www.fanflixbd.com/cdn/shop/files/amazon-prime_video_subscription_bda669.jpg]
[www.fanflixbd.com/products/prime-video-subscription-bangladesh.oembed]
[www.fanflixbd.com/cdn/shop/files/amazon-prime_video_subscription_bdf931.jpg]
[www.fanflixbd.com/cdn/shop/files/amazon-prime_video_subscription_bdf2f9.jpg]
[www.fanflixbd.com/products/prime-video-subscription-bangladesh.html]
[www.fanflixbd.com/cdn/shop/files/zee5-Price_in_bd3398.jpg]
[www.fanflixbd.com/products/zee5-subscriptions.oembed]
[www.fanflixbd.com/cdn/shop/files/zee5-Price_in_bd2cf3.jpg]
[www.fanflixbd.com/cdn/shop/files/zee5-Price_in_bd6cfa.jpg]
[www.fanflixbd.com/products/zee5-subscriptions.html]
[www.fanflixbd.com/cdn/shop/files/Hotstar-premium_price_in_bd1ef8.jpg]
[www.fanflixbd.com/products/dinsey-hotstar-orginal-subscription-bangladesh.oembed]
[www.fanflixbd.com/cdn/shop/files/Hotstar-premium_price_in_bdac33.jpg]
[www.fanflixbd.com/cdn/shop/files/Hotstar-premium_price_in_bd3834.jpg]
[www.fanflixbd.com/products/dinsey-hotstar-orginal-subscription-bangladesh.html]
[www.fanflixbd.com/cdn/shop/files/sonyliv-subscription_price_in_bd5cd1.jpg]
[www.fanflixbd.com/products/sonyliv-yearly.oembed]
[www.fanflixbd.com/cdn/shop/files/sonyliv-subscription_price_in_bde008.jpg]
[www.fanflixbd.com/cdn/shop/files/sonyliv-subscription_price_in_bdb794.jpg]
[www.fanflixbd.com/products/sonyliv-yearly.html]
[www.fanflixbd.com/cdn/shop/files/ullu-price_in_bangldesh9dad.jpg]
[www.fanflixbd.com/products/ullu-subscription-bangladesh.oembed]
[www.fanflixbd.com/cdn/shop/t/10/compiled_assets/scripts8d34.js]
[www.fanflixbd.com/cdn/shop/files/ullu-price_in_bangldeshae59.jpg]
[www.fanflixbd.com/cdn/shop/files/ullu-price_in_bangldesh3c4b.jpg]
[www.fanflixbd.com/products/ullu-subscription-bangladesh.html]
[www.fanflixbd.com/cdn/shop/files/hulu-subscription_bd78e8.jpg]
[www.fanflixbd.com/products/hulu-subscription-price-bangladesh.oembed]
[www.fanflixbd.com/cdn/shop/files/hulu-subscription_bd90e7.jpg]
[www.fanflixbd.com/cdn/shop/files/hulu-subscription_bd558a.jpg]
[www.fanflixbd.com/products/hulu-subscription-price-bangladesh.html]
[www.fanflixbd.com/cdn/shop/files/hbo-subscription_bangladesh304d.jpg]
[www.fanflixbd.com/products/hbo-max-subscriptions-price-bangladesh.oembed]
[www.fanflixbd.com/cdn/shop/files/hbo-subscription_bangladesh4efa.jpg]
[www.fanflixbd.com/cdn/shop/files/hbo-subscription_bangladesh8df7.jpg]
[www.fanflixbd.com/products/hbo-max-subscriptions-price-bangladesh.html]
[www.fanflixbd.com/cdn/shop/files/apple-tv_Subscription_in_bangaldesh355f.jpg]
[www.fanflixbd.com/products/apple-tv-subscriptions-bangladesh.oembed]
[www.fanflixbd.com/cdn/shop/files/apple-tv_Subscription_in_bangaldeshd572.jpg]
[www.fanflixbd.com/cdn/shop/files/apple-tv_Subscription_in_bangaldeshfd89.jpg]
[www.fanflixbd.com/products/apple-tv-subscriptions-bangladesh.html]
[www.fanflixbd.com/cdn/shop/files/Crunchyroll-subscription_in-bangladeshe657.jpg]
[www.fanflixbd.com/products/crunchyroll-premium-subscription-bangladesh.oembed]
[www.fanflixbd.com/cdn/shop/files/Crunchyroll-subscription_in-bangladesh026d.jpg]
[www.fanflixbd.com/cdn/shop/files/Crunchyroll-subscription_in-bangladesha844.jpg]
[judgeme.imgix.net/fanflix-ott-subscriptions-bd/1742423986__1742423980049-1000026625__original1350.jpg]
[judgeme.imgix.net/fanflix-ott-subscriptions-bd/1742423986__1742423980049-1000026625__original6b9a.jpg]
[www.fanflixbd.com/products/crunchyroll-premium-subscription-bangladesh.html]
[www.fanflixbd.com/cdn/shop/files/iqiyi-price_in_bd55a1.jpg]
[www.fanflixbd.com/products/iqiyi-subscriptions-price-bangladesh.oembed]
[www.fanflixbd.com/cdn/shop/files/iqiyi-price_in_bdf9d3.jpg]
[www.fanflixbd.com/cdn/shop/files/iqiyi-price_in_bd0233.jpg]
[www.fanflixbd.com/products/iqiyi-subscriptions-price-bangladesh.html]
[www.fanflixbd.com/cdn/shop/files/chatgpt-plus_subscription_bd9f2e.jpg]
[www.fanflixbd.com/products/buy-chatgpt-plus-subscription-price-in-bangladesh-with-bkash-nagad.oembed]
[www.fanflixbd.com/cdn/shop/files/chatgpt-plus_subscription_bd3b19.jpg]
[www.fanflixbd.com/cdn/shop/files/chatgpt-plus_subscription_bd6e90.jpg]
[www.fanflixbd.com/_]
[www.fanflixbd.com/products/buy-chatgpt-plus-subscription-price-in-bangladesh-with-bkash-nagad.html]
[www.fanflixbd.com/cdn/shop/files/google-one-subscription-in-bdaa3c.png]
[www.fanflixbd.com/products/google-one-subscription-bd.oembed]
[www.fanflixbd.com/cdn/shop/files/google-one-subscription-in-bd1f5f.png]
[www.fanflixbd.com/cdn/shop/files/google-one-subscription-in-bdf5cc.png]
[www.fanflixbd.com/products/google-one-subscription-bd.html]
[www.fanflixbd.com/cdn/shop/files/surfshark-vpn_price_in_bda2d4.jpg]
[www.fanflixbd.com/products/surfshark-vpn.oembed]
[www.fanflixbd.com/cdn/shop/files/surfshark-vpn_price_in_bda67a.jpg]
[www.fanflixbd.com/cdn/shop/files/surfshark-vpn_price_in_bd2625.jpg]
[www.fanflixbd.com/products/surfshark-vpn.html]
[www.fanflixbd.com/cdn/shop/files/windows-10-11-pro-activation-key6bc2.jpg]
[www.fanflixbd.com/products/windows-10-11-activation-key.oembed]
[www.fanflixbd.com/cdn/shop/files/windows-10-11-pro-activation-keycb5d.jpg]
[www.fanflixbd.com/cdn/shop/files/windows-10-11-pro-activation-key5965.jpg]
[www.fanflixbd.com/products/windows-10-11-activation-key.html]
[www.fanflixbd.com/cdn/shop/files/quillbot-subscription_bdf4ed.jpg]
[www.fanflixbd.com/products/quillbot-premium.oembed]
[www.fanflixbd.com/cdn/shop/files/quillbot-subscription_bdf0df.jpg]
[www.fanflixbd.com/cdn/shop/files/quillbot-subscription_bd90ff.jpg]
[www.fanflixbd.com/products/quillbot-premium.html]
[www.fanflixbd.com/cdn/shop/files/linkedin-premium-in-bdd908.jpg]
[www.fanflixbd.com/products/linkedin-premium-in-bd.oembed]
[www.fanflixbd.com/cdn/shop/files/linkedin-premium-in-bd81e0.jpg]
[www.fanflixbd.com/cdn/shop/files/linkedin-premium-in-bd3ca7.jpg]
[www.fanflixbd.com/products/linkedin-premium-in-bd.html]
[www.fanflixbd.com/cdn/shop/files/Buy-microsft_office_365_Price_in_bangladesh51eb.png]
[www.fanflixbd.com/products/microsoft-office-365-subscription.oembed]
[www.fanflixbd.com/cdn/shop/files/Buy-microsft_office_365_Price_in_bangladesha3b4.png]
[www.fanflixbd.com/cdn/shop/files/Buy-microsft_office_365_Price_in_bangladesh056a.png]
[www.fanflixbd.com/products/microsoft-office-365-subscription.html]
[www.fanflixbd.com/cdn/shop/files/internet-download_manager_price_in_bangaldeshdeeb.jpg]
[www.fanflixbd.com/products/internet-download-manager-idm-lifetime-license-key-price-bangladesh.oembed]
[www.fanflixbd.com/cdn/shop/files/internet-download_manager_price_in_bangaldeshd13c.jpg]
[www.fanflixbd.com/cdn/shop/files/internet-download_manager_price_in_bangaldesh545d.jpg]
[www.fanflixbd.com/products/internet-download-manager-idm-lifetime-license-key-price-bangladesh.html]
[www.fanflixbd.com/cdn/shop/files/grammarly-Subscription_bd2709.jpg]
[www.fanflixbd.com/products/grammarly-premium-subscriptions-bangladesh.oembed]
[www.fanflixbd.com/cdn/shop/files/grammarly-Subscription_bd3749.jpg]
[www.fanflixbd.com/cdn/shop/files/grammarly-Subscription_bd2cd5.jpg]
[www.fanflixbd.com/products/grammarly-premium-subscriptions-bangladesh.html]
[www.fanflixbd.com/cdn/shop/t/10/assets/component-image-with-text0023.css]
[www.fanflixbd.com/cdn/shop/t/10/assets/component-article-card80f5.css]
[www.fanflixbd.com/cdn/shop/t/10/assets/section-featured-blog1b94.css]
[www.fanflixbd.com/cdn/shop/articles/chatgpt_fan_2_b69d13ea-26e7-4fe7-9603-65de1c03658f6916.png]
[www.fanflixbd.com/blogs/news.atom]
[www.fanflixbd.com/blogs/news/GET]
[www.fanflixbd.com/blogs/news/POST]
[www.fanflixbd.com/blogs/news.html]
[www.fanflixbd.com/cdn/shop/t/10/assets/section-blog-post93f8.css]
[www.fanflixbd.com/cdn/shop/articles/chatgpt_fan_2_b69d13ea-26e7-4fe7-9603-65de1c03658f4543.png]
[www.fanflixbd.com/blogs/news/how-to-buy-chatgpt-plus-from-bangladesh-the-ultimate-guide-with-fanflix-bd.html]
[www.fanflixbd.com/cdn/shop/articles/post_2_ce22f41c-cc5b-4181-a86c-ab99a1acfc359bac.png]
[www.fanflixbd.com/cdn/shop/articles/post_2_ce22f41c-cc5b-4181-a86c-ab99a1acfc357fe2.png]
[www.fanflixbd.com/blogs/news/netflix-subscription-price-in-bangladesh.html]
[www.fanflixbd.com/cdn/shop/articles/post_1_d93faf83-1dce-4e22-b2b5-9f77fa36c0c8fd8e.png]
[www.fanflixbd.com/cdn/shop/articles/post_1_d93faf83-1dce-4e22-b2b5-9f77fa36c0c82c6f.png]
[www.fanflixbd.com/blogs/news/how-to-buy-netflix-subscription-in-bangladesh-with-bkash-and-nagad.html]
[www.fanflixbd.com/cdn/shop/t/10/assets/section-rich-text7d5d.css]
[www.fanflixbd.com/cdn/shop/t/10/assets/section-footer0edc.css]
[www.fanflixbd.com/cdn/shop/t/10/assets/component-newsletter6d95.css]
[www.fanflixbd.com/cdn/shop/t/10/assets/component-list-payment3b51.css]
[www.fanflixbd.com/pages/GET]
[www.fanflixbd.com/pages/POST]
[www.fanflixbd.com/pages/refund-exchange-policy.html]
[www.fanflixbd.com/pages/terms-conditions.html]
[www.fanflixbd.com/pages/privacy-policy.html]
[www.fanflixbd.com/pages/order-cancellation-policy.html]
[www.fanflixbd.com/pages/end-user-license-agreement-eula.html]
[www.fanflixbd.com/pages/intellectual-property-trademarks.html]
[cdn.shopify.com/extensions/9c6fa68f-d1f3-46e7-864b-0d452121dbd4/ecomsend-popups-35/assets/style.css]
[cdn.shopify.com/extensions/bdc4112b-e24a-419f-88ff-d7132e182f95/essential-upsell-162/assets/stylex-DFEZgduC.css]
[www.fanflixbd.com/cdn/shop/t/10/assets/section-main-pagea661.css]
[www.fanflixbd.com/collections/all2679.html]
[www.fanflixbd.com/cdn/shop/files/Vip-255b7.png]
[www.fanflixbd.com/cdn/shop/files/spotify-120271.jpg]
[www.fanflixbd.com/products/spotify-premium-subscription.html]
[www.fanflixbd.com/cdn/shop/files/IMG-3232f687.png]
[www.fanflixbd.com/products/tinder-gold-subscription.html]
[www.fanflixbd.com/collections/all4c81.html]
[www.fanflixbd.com/collections/all4658.html]
[www.fanflixbd.com/collections/GET.html]
[www.fanflixbd.com/collections/POST.html]
[www.fanflixbd.com/cdn/shop/t/10/assets/component-collection-hero1d38.css]
[www.fanflixbd.com/cdn/shop/t/10/assets/component-facets0a0e.css]
[www.fanflixbd.com/collections/all79a4.html]
[www.fanflixbd.com/cdn/shop/files/Apple-Gift_Card4455.png]
[www.fanflixbd.com/products/apple-itunes-giftcard-usa-region.oembed]
[www.fanflixbd.com/collections/🎮-gaming-top-up.html]
[www.fanflixbd.com/cdn/shop/files/Apple-Gift_Cardcf17.png]
[www.fanflixbd.com/cdn/shop/files/Apple-Gift_Card27b9.png]
[www.fanflixbd.com/products/apple-itunes-giftcard-usa-region.html]
[www.fanflixbd.com/cdn/shop/files/IMG-32303e50.png]
[www.fanflixbd.com/products/apple-music-premium.oembed]
[www.fanflixbd.com/collections/music-audio.html]
[www.fanflixbd.com/cdn/shop/files/IMG-3230c8fc.png]
[www.fanflixbd.com/cdn/shop/files/IMG-32307709.png]
[www.fanflixbd.com/products/apple-music-premium.html]
[www.fanflixbd.com/cdn/shop/files/apple-one_subscription_bd74a7.jpg]
[www.fanflixbd.com/products/apple-one-subscription-price-bangladesh.oembed]
[www.fanflixbd.com/cdn/shop/files/apple-one_subscription_bde7ee.jpg]
[www.fanflixbd.com/cdn/shop/files/apple-one_subscription_bdca37.jpg]
[www.fanflixbd.com/products/apple-one-subscription-price-bangladesh.html]
[www.fanflixbd.com/cdn/shop/files/IMG-32314c76.png]
[www.fanflixbd.com/products/chegg-study-premium.oembed]
[www.fanflixbd.com/cdn/shop/files/IMG-3231684c.png]
[www.fanflixbd.com/cdn/shop/files/IMG-32312345.png]
[www.fanflixbd.com/products/chegg-study-premium.html]
[www.fanflixbd.com/cdn/shop/files/Claude-aic53e.png]
[www.fanflixbd.com/products/claude-ai-premium.oembed]
[www.fanflixbd.com/cdn/shop/files/Claude-aid1af.png]
[www.fanflixbd.com/cdn/shop/files/Claude-ai45ae.png]
[www.fanflixbd.com/products/claude-ai-premium.html]
[www.fanflixbd.com/cdn/shop/files/IMG-3229a563.png]
[www.fanflixbd.com/products/gemini-advance.oembed]
[www.fanflixbd.com/cdn/shop/files/IMG-3229a273.png]
[www.fanflixbd.com/cdn/shop/files/IMG-322913e0.png]
[www.fanflixbd.com/products/gemini-advance.html]
[www.fanflixbd.com/cdn/shop/files/iCloud-price_in_Bangladesh71b7.jpg]
[www.fanflixbd.com/products/icloud-50gb-3-months-price-bangladesh.oembed]
[www.fanflixbd.com/cdn/shop/files/iCloud-price_in_Bangladesh9bf1.jpg]
[www.fanflixbd.com/cdn/shop/files/iCloud-price_in_Bangladesh5374.jpg]
[www.fanflixbd.com/products/icloud-50gb-3-months-price-bangladesh.html]
[www.fanflixbd.com/cdn/shop/t/10/assets/component-pagination1c14.css]
[www.fanflixbd.com/collections/all797a.html]
[www.fanflixbd.com/cdn/shop/files/youtube-premiumf544.jpg]
[www.fanflixbd.com/products/youtube-premium-price-in-bangladesh.html]
[www.fanflixbd.com/cdn/shop/files/Zoom-Premium_Subscription136c.png]
[www.fanflixbd.com/products/zoom-premium-subscription.html]
[www.fanflixbd.com/collections/all9ba9.html]
[www.fanflixbd.com/cdn/shop/t/10/assets/component-carte044.css]
[www.fanflixbd.com/cdn/shop/t/10/assets/component-totalsceb7.css]
[www.fanflixbd.com/cdn/shop/t/10/assets/component-discounts41a8.css]
[www.fanflixbd.com/products/GET.html]
[www.fanflixbd.com/products/POST.html]
[www.fanflixbd.com/collections/allf252.html]
[www.fanflixbd.com/collections/only-netflix.atom]
[www.fanflixbd.com/collections/only-netflix.oembed]
[www.fanflixbd.com/collections/only-netflix.html]
[www.fanflixbd.com/cdn/shop/t/10/assets/component-pickup-availabilityabdb.css]
[www.fanflixbd.com/cdn/shop/t/10/assets/section-related-products0bde.css]
[www.fanflixbd.com/_https_/wa.me/message/YCBSFN3TE4PEM1/_/u003eহোয়াটসঅ্যাপ/u003c/a/u003e.html]
[www.fanflixbd.com/_.html]
[www.fanflixbd.com/blogs/news/GET.html]
[www.fanflixbd.com/blogs/news/POST.html]
[www.fanflixbd.com/blogs/GET]
[www.fanflixbd.com/blogs/POST]
[www.fanflixbd.com/blogs/news.html]
[www.fanflixbd.com/cdn/shop/t/10/assets/section-blog-post93f8.css]
[www.fanflixbd.com/pages/GET.html]
[www.fanflixbd.com/pages/POST.html]
[www.fanflixbd.com/cdn/shop/t/10/assets/section-main-pagea661.css]
[www.fanflixbd.com/collections/all2679.html]
[www.fanflixbd.com/cdn/shop/t/10/assets/section-main-blog733d.css]
[www.fanflixbd.com/cdn/shop/files/spotify-12c49e.jpg]
[www.fanflixbd.com/products/spotify-premium-subscription.oembed]
[www.fanflixbd.com/cdn/shop/files/spotify-12d320.jpg]
[www.fanflixbd.com/cdn/shop/files/spotify-12fda3.jpg]
[www.fanflixbd.com/products/spotify-premium-subscription.html]
[www.fanflixbd.com/cdn/shop/files/IMG-323270c2.png]
[www.fanflixbd.com/products/tinder-gold-subscription.oembed]
[www.fanflixbd.com/collections/❤️-dating-lifestyle.html]
[www.fanflixbd.com/cdn/shop/files/IMG-32323180.png]
[www.fanflixbd.com/cdn/shop/files/IMG-32324867.png]
[www.fanflixbd.com/products/tinder-gold-subscription.html]
[www.fanflixbd.com/collections/all4c81.html]
[www.fanflixbd.com/collections/all79a4.html]
[www.fanflixbd.com/collections/🎮-gaming-top-up.atom]
[www.fanflixbd.com/collections/🎮-gaming-top-up.oembed]
[www.fanflixbd.com/collections/🎮-gaming-top-up.html]
[www.fanflixbd.com/collections/music-audio.atom]
[www.fanflixbd.com/collections/music-audio.oembed]
[www.fanflixbd.com/collections/music-audio.html]
[www.fanflixbd.com/cdn/shop/files/youtube-premium0d7c.jpg]
[www.fanflixbd.com/products/youtube-premium-price-in-bangladesh.oembed]
[www.fanflixbd.com/cdn/shop/files/youtube-premiumafb5.jpg]
[www.fanflixbd.com/cdn/shop/files/youtube-premium2f8a.jpg]
[www.fanflixbd.com/products/youtube-premium-price-in-bangladesh.html]
[www.fanflixbd.com/cdn/shop/files/Zoom-Premium_Subscriptiona2ba.png]
[www.fanflixbd.com/products/zoom-premium-subscription.oembed]
[www.fanflixbd.com/cdn/shop/files/Zoom-Premium_Subscription9377.png]
[www.fanflixbd.com/cdn/shop/files/Zoom-Premium_Subscriptionecfb.png]
[www.fanflixbd.com/products/zoom-premium-subscription.html]
[www.fanflixbd.com/collections/allf252.html]
[www.fanflixbd.com/blogs/GET.html]
[www.fanflixbd.com/blogs/POST.html]
[www.fanflixbd.com/cdn/shop/t/10/assets/section-main-blog733d.css]
[www.fanflixbd.com/collections/❤️-dating-lifestyle.atom]
[www.fanflixbd.com/collections/❤️-dating-lifestyle.oembed]
[www.fanflixbd.com/collections/❤️-dating-lifestyle.html]
